GPU: ANGLE (Apple, ANGLE Metal Renderer: Apple M4, Unspecified Version)
arm A  ?fieldDrip=14   (one file: src/modules/traffic.js untouched)
arm B  ?fieldDrip=0
route downtown_dense, 6 arms x 1800 frames, interleaved A/B, fresh page per arm, wall ceiling 12.5 ms, cpu ceiling 12 ms

arm 0 A  cpu p50 8.50  cpu p95 12.50  wall p50 9.20  wall p95 13.20  p99 17.30/16.30cpu  max 40.20/39.30cpu  tail 140/2176 over 12.5, 84 past 14.5 (gap med 1, 54 consecutive)  gc 47 (gap med 48.5) far∩gc 17/84  381 draws  1.036M tris  1920 body rows  type0 5.4/1.28/dorgh5k/drip14
    gl: far-frame mean 14.89ms inside GL vs all-frame mean 7.82ms; biggest call on far frames: bufferSubData x58 (mean biggest call 13.44ms),  texSubImage3D x20 (mean biggest call 9.44ms),  texSubImage2D x5 (mean biggest call 13.22ms)
    counts: texSub3D:array 1624 calls (58 frames, gap med 1), slow>1ms 24, 227.0 ms, 20.4 MB;  texSub3D:3d 0 calls;  texSub3D:other 0 calls
    counts: texSubImage2D 6562 calls (2177 frames, gap med 1), slow>1ms 235, 1927.9 ms, 1328.6 MB;  bufferSubData 39186 calls (2177 frames, gap med 1), slow>1ms 1915, 14726.9 ms, 1065.9 MB;  bufferData 688 calls (7 frames, gap med 1), slow>1ms 3, 30.8 ms, 3.3 MB
    count-alignment vs maxName: 0 mismatches on 20 texSubImage3D-topped far frames
arm 1 B  cpu p50 8.50  cpu p95 11.70  wall p50 9.10  wall p95 12.60  p99 17.30/16.50cpu  max 40.30/39.40cpu  tail 109/2166 over 12.5, 25 past 14.5 (gap med 23, 0 consecutive)  gc 46 (gap med 48) far∩gc 3/25  381 draws  1.036M tris  1920 body rows  type0 5.4/1.28/dorgh5k/drip0
    gl: far-frame mean 17.92ms inside GL vs all-frame mean 7.64ms; biggest call on far frames: texSubImage3D x20 (mean biggest call 9.13ms),  bufferSubData x3 (mean biggest call 11.53ms),  texSubImage2D x1 (mean biggest call 13.30ms)
    counts: texSub3D:array 1568 calls (28 frames, gap med 15), slow>1ms 22, 202.2 ms, 19.7 MB;  texSub3D:3d 0 calls;  texSub3D:other 0 calls
    counts: texSubImage2D 6531 calls (2167 frames, gap med 1), slow>1ms 146, 1237.5 ms, 1322.5 MB;  bufferSubData 39006 calls (2167 frames, gap med 1), slow>1ms 1995, 14982.0 ms, 1061.0 MB;  bufferData 688 calls (7 frames, gap med 1), slow>1ms 3, 32.2 ms, 3.3 MB
    count-alignment vs maxName: 0 mismatches on 20 texSubImage3D-topped far frames
arm 2 A  cpu p50 8.50  cpu p95 11.90  wall p50 9.20  wall p95 12.80  p99 17.50/16.70cpu  max 39.10/37.90cpu  tail 146/2346 over 12.5, 41 past 14.5 (gap med 18.5, 2 consecutive)  gc 49 (gap med 49.5) far∩gc 8/41  381 draws  1.036M tris  1920 body rows  type0 5.4/1.28/dorgh5k/drip14
    gl: far-frame mean 16.18ms inside GL vs all-frame mean 7.76ms; biggest call on far frames: texSubImage3D x26 (mean biggest call 9.24ms),  bufferSubData x10 (mean biggest call 12.87ms),  texSubImage2D x4 (mean biggest call 12.93ms)
    counts: texSub3D:array 1960 calls (70 frames, gap med 1), slow>1ms 29, 261.1 ms, 24.6 MB;  texSub3D:3d 0 calls;  texSub3D:other 0 calls
    counts: texSubImage2D 7079 calls (2347 frames, gap med 1), slow>1ms 317, 2513.0 ms, 1432.4 MB;  bufferSubData 42246 calls (2347 frames, gap med 1), slow>1ms 1999, 15296.1 ms, 1149.1 MB;  bufferData 688 calls (7 frames, gap med 1), slow>1ms 3, 26.0 ms, 3.3 MB
    count-alignment vs maxName: 0 mismatches on 26 texSubImage3D-topped far frames
arm 3 B  cpu p50 8.60  cpu p95 11.70  wall p50 9.20  wall p95 12.50  p99 17.70/16.90cpu  max 40.50/39.40cpu  tail 113/2366 over 12.5, 33 past 14.5 (gap med 24, 3 consecutive)  gc 49 (gap med 53.5) far∩gc 3/33  381 draws  1.036M tris  1920 body rows  type0 5.4/1.28/dorgh5k/drip0
    gl: far-frame mean 17.55ms inside GL vs all-frame mean 7.89ms; biggest call on far frames: texSubImage3D x27 (mean biggest call 9.31ms),  bufferSubData x3 (mean biggest call 13.03ms),  texSubImage2D x2 (mean biggest call 11.00ms)
    counts: texSub3D:array 2016 calls (36 frames, gap med 21), slow>1ms 29, 272.6 ms, 25.3 MB;  texSub3D:3d 0 calls;  texSub3D:other 0 calls
    counts: texSubImage2D 7139 calls (2367 frames, gap med 1), slow>1ms 298, 2402.8 ms, 1444.6 MB;  bufferSubData 42606 calls (2367 frames, gap med 1), slow>1ms 2036, 15860.0 ms, 1158.9 MB;  bufferData 688 calls (7 frames, gap med 1), slow>1ms 3, 30.9 ms, 3.3 MB
    count-alignment vs maxName: 0 mismatches on 27 texSubImage3D-topped far frames
arm 4 A  cpu p50 8.60  cpu p95 11.80  wall p50 9.30  wall p95 12.70  p99 18.10/17.20cpu  max 41.40/40.40cpu  tail 132/2346 over 12.5, 44 past 14.5 (gap med 10, 3 consecutive)  gc 52 (gap med 48) far∩gc 5/44  381 draws  1.036M tris  1920 body rows  type0 5.4/1.28/dorgh5k/drip14
    gl: far-frame mean 16.71ms inside GL vs all-frame mean 7.94ms; biggest call on far frames: texSubImage3D x23 (mean biggest call 9.72ms),  bufferSubData x14 (mean biggest call 12.49ms),  texSubImage2D x6 (mean biggest call 13.23ms)
    counts: texSub3D:array 2016 calls (72 frames, gap med 1), slow>1ms 27, 261.9 ms, 25.3 MB;  texSub3D:3d 0 calls;  texSub3D:other 0 calls
    counts: texSubImage2D 7080 calls (2347 frames, gap med 1), slow>1ms 351, 2956.6 ms, 1432.4 MB;  bufferSubData 42246 calls (2347 frames, gap med 1), slow>1ms 1965, 15290.4 ms, 1149.1 MB;  bufferData 688 calls (7 frames, gap med 1), slow>1ms 3, 28.9 ms, 3.3 MB
    count-alignment vs maxName: 0 mismatches on 23 texSubImage3D-topped far frames
arm 5 attempt 1 FAILED (page.evaluate: Execution context was destroyed, most likely because of a navigation.) — retrying, 3 left
arm 5 attempt 2 FAILED (page.evaluate: Execution context was destroyed, most likely because of a navigation.) — retrying, 2 left
arm 5 attempt 3 FAILED (page.evaluate: Execution context was destroyed, most likely because of a navigation.) — retrying, 1 left

src/modules/traffic.js restored to the arm it started as.
node:internal/modules/run_main:123
    triggerUncaughtException(
    ^

page.evaluate: Execution context was destroyed, most likely because of a navigation.
    at measureArm (/Users/martingrahn/Documents/2077 three/tools/loftprobe.mjs:797:16)
    at async file:///Users/martingrahn/Documents/2077%20three/tools/loftprobe.mjs:969:15 {
  log: [],
  name: 'Error'
}

Node.js v22.22.0
